/* ESC */ 		utfmap[0x1] = 27;
/* '1' */ 		utfmap[0x2] = 49;
/* '2' */ 		utfmap[0x3] = 50;
/* '3' */ 		utfmap[0x4] = 51;
/* '4' */ 		utfmap[0x5] = 52;
/* '5' */ 		utfmap[0x6] = 53;
/* '6' */ 		utfmap[0x7] = 54;
/* '7' */ 		utfmap[0x8] = 55;
/* '8' */ 		utfmap[0x9] = 56;
/* '9' */ 		utfmap[0xA] = 57;
/* '0' */ 		utfmap[0xB] = 48;
/* '-' */ 		utfmap[0xC] = 45;
/* '=' */ 		utfmap[0xD] = 61;
/* BKSP */ 		utfmap[0xE] = 14;
/* TAB */ 		utfmap[0xF] = 15;
/* 'q' */ 		utfmap[0x10] = 113;
/* 'w' */ 		utfmap[0x11] = 119;
/* 'e' */ 		utfmap[0x12] = 101;
/* 'r' */ 		utfmap[0x13] = 114;
/* 't' */ 		utfmap[0x14] = 116;
/* 'y' */ 		utfmap[0x15] = 121;
/* 'u' */ 		utfmap[0x16] = 117;
/* 'i' */ 		utfmap[0x17] = 105;
/* 'o' */ 		utfmap[0x18] = 111;
/* 'p' */ 		utfmap[0x19] = 112;
/* '[' */ 		utfmap[0x1A] = 91;
/* ']' */ 		utfmap[0x1B] = 93;
/* ENTER/CR/ */		utfmap[0x1C] = 13;
/* CTRL_L */		utfmap[0x1D] = 0;
/* 'a' */ 		utfmap[0x1E] = 97;
/* 's' */ 		utfmap[0x1F] = 115;
/* 'd' */ 		utfmap[0x20] = 100;
/* 'f' */ 		utfmap[0x21] = 102;
/* 'g' */ 		utfmap[0x22] = 103;
/* 'h' */ 		utfmap[0x23] = 104;
/* 'j' */ 		utfmap[0x24] = 106;
/* 'k' */ 		utfmap[0x25] = 107;
/* 'l' */ 		utfmap[0x26] = 108;
/* ';' */ 		utfmap[0x27] = 59;
/* ''' */ 		utfmap[0x28] = 39;
/* [?^ */ 		utfmap[0x29] = 96;
/* SHIFT_L */		utfmap[0x2A] = 0;
/* '#' */ 		utfmap[0x2B] = 35;
/* 'z' */ 		utfmap[0x2C] = 122;
/* 'x' */ 		utfmap[0x2D] = 120;
/* 'c' */ 		utfmap[0x2E] = 99;
/* 'v' */ 		utfmap[0x2F] = 118;
/* 'b' */ 		utfmap[0x30] = 98;
/* 'n' */ 		utfmap[0x31] = 110;
/* 'm' */ 		utfmap[0x32] = 109;
/* ',' */ 		utfmap[0x33] = 44;
/* '.' */ 		utfmap[0x34] = 46;
/* '/' */ 		utfmap[0x35] = 47;
/* CTRL_R */		utfmap[0x36] = 0;
/* '*' */ 		utfmap[0x37] = 42;
/* ALT_L */		utfmap[0x38] = 0;
/* SPACE */		utfmap[0x39] = 32;
/* SCRL */ 		utfmap[0x3A] = 18;
/* F1 */ 		utfmap[0x3B] = 1;
/* F2 */ 		utfmap[0x3C] = 2;
/* F3 */ 		utfmap[0x3D] = 3;
/* F4 */ 		utfmap[0x3E] = 4;
/* F5 */ 		utfmap[0x3F] = 5;
/* F6 */ 		utfmap[0x40] = 6;
/* F7 */ 		utfmap[0x41] = 7;
/* F8 */ 		utfmap[0x42] = 8;
/* F9 */ 		utfmap[0x43] = 9;
/* F10 */ 		utfmap[0x44] = 10;
/* NUM */ 		utfmap[0x45] = 16;
/* CAPS */ 		utfmap[0x46] = 17;
/* [?^ */ 		utfmap[0x47] = 0;
/* UP */ 		utfmap[0x48] = 20;
/* [?^ */ 		utfmap[0x49] = 0;
/* [?^ */ 		utfmap[0x4A] = 0;
/* LEFT */ 		utfmap[0x4B] = 23;
/* [?^ */ 		utfmap[0x4C] = 0;
/* RIGHT */		utfmap[0x4D] = 22;
/* [?^ */ 		utfmap[0x4E] = 0;
/* [?^ */ 		utfmap[0x4F] = 0;
/* DOWN */ 		utfmap[0x50] = 21;
/* [?^ */ 		utfmap[0x51] = 0;
/* INS */ 		utfmap[0x52] = 11;
/* DEL */ 		utfmap[0x53] = 12;
/* [?^ */ 		utfmap[0x54] = 0;
/* [?^ */ 		utfmap[0x55] = 0;
/* [?^ */ 		utfmap[0x56] = 0;
/* F11 */ 		utfmap[0x57] = 24;
/* F12 */ 		utfmap[0x58] = 25;
/* [?^ */ 		utfmap[0x59] = 0; 
/*	      SHIFT IS PRESSED %%%%%%%%%%%%%%%%%%%%%%%%%%%%%%%%%%%%%%%%%%%%%%*/
/* ESC */ 		utfsmap[0x1] = 27;
/* '1' */ 		utfsmap[0x2] = 33;
/* '2' */ 		utfsmap[0x3] = 34;
/* '3' */ 		utfsmap[0x4] = 0;
/* '4' */ 		utfsmap[0x5] = 36;
/* '5' */ 		utfsmap[0x6] = 37;
/* '6' */ 		utfsmap[0x7] = 94;
/* '7' */ 		utfsmap[0x8] = 38;
/* '8' */ 		utfsmap[0x9] = 42;
/* '9' */ 		utfsmap[0xA] = 40;
/* '0' */ 		utfsmap[0xB] = 41;
/* '-' */ 		utfsmap[0xC] = 95;
/* '=' */ 		utfsmap[0xD] = 43;
/* BKSP */ 		utfsmap[0xE] = 14;
/* TAB */ 		utfsmap[0xF] = 15;
/* 'q' */ 		utfsmap[0x10] = 81;
/* 'w' */ 		utfsmap[0x11] = 87;
/* 'e' */ 		utfsmap[0x12] = 69;
/* 'r' */ 		utfsmap[0x13] = 82;
/* 't' */ 		utfsmap[0x14] = 84;
/* 'y' */ 		utfsmap[0x15] = 89;
/* 'u' */ 		utfsmap[0x16] = 85;
/* 'i' */ 		utfsmap[0x17] = 73;
/* 'o' */ 		utfsmap[0x18] = 79;
/* 'p' */ 		utfsmap[0x19] = 80;
/* '[' */ 		utfsmap[0x1A] = 123;
/* ']' */ 		utfsmap[0x1B] = 125;
/* ENTER/CR/ */		utfsmap[0x1C] = 13;
/* CTRL_L */		utfsmap[0x1D] = 0;
/* 'a' */ 		utfsmap[0x1E] = 65;
/* 's' */ 		utfsmap[0x1F] = 83;
/* 'd' */ 		utfsmap[0x20] = 68;
/* 'f' */ 		utfsmap[0x21] = 70;
/* 'g' */ 		utfsmap[0x22] = 71;
/* 'h' */ 		utfsmap[0x23] = 72;
/* 'j' */ 		utfsmap[0x24] = 74;
/* 'k' */ 		utfsmap[0x25] = 75;
/* 'l' */ 		utfsmap[0x26] = 76;
/* ';' */ 		utfsmap[0x27] = 58;
/* ''' */ 		utfsmap[0x28] = 64;
/* [?^ */ 		utfsmap[0x29] = 28;
/* SHIFT_L */		utfsmap[0x2A] = 0;
/* '#' */ 		utfsmap[0x2B] = 126;
/* 'z' */ 		utfsmap[0x2C] = 90;
/* 'x' */ 		utfsmap[0x2D] = 88;
/* 'c' */ 		utfsmap[0x2E] = 67;
/* 'v' */ 		utfsmap[0x2F] = 86;
/* 'b' */ 		utfsmap[0x30] = 66;
/* 'n' */ 		utfsmap[0x31] = 78;
/* 'm' */ 		utfsmap[0x32] = 77;
/* ',' */ 		utfsmap[0x33] = 60;
/* '.' */ 		utfsmap[0x34] = 62;
/* '/' */ 		utfsmap[0x35] = 63;
/* CTRL_R */		utfsmap[0x36] = 0;
/* '*' */ 		utfsmap[0x37] = 42;
/* ALT_L */		utfsmap[0x38] = 0;
/* SPACE */		utfsmap[0x39] = 32;
/* SCRL */ 		utfsmap[0x3A] = 18;
/* F1 */ 		utfsmap[0x3B] = 1;
/* F2 */ 		utfsmap[0x3C] = 2;
/* F3 */ 		utfsmap[0x3D] = 3;
/* F4 */ 		utfsmap[0x3E] = 4;
/* F5 */ 		utfsmap[0x3F] = 5;
/* F6 */ 		utfsmap[0x40] = 6;
/* F7 */ 		utfsmap[0x41] = 7;
/* F8 */ 		utfsmap[0x42] = 8;
/* F9 */ 		utfsmap[0x43] = 9;
/* F10 */ 		utfsmap[0x44] = 10;
/* NUM */ 		utfsmap[0x45] = 16;
/* CAPS */ 		utfsmap[0x46] = 17;
/* [?^ */ 		utfsmap[0x47] = 0;
/* UP */ 		utfsmap[0x48] = 20;
/* [?^ */ 		utfsmap[0x49] = 0;
/* [?^ */ 		utfsmap[0x4A] = 0;
/* LEFT */ 		utfsmap[0x4B] = 23;
/* [?^ */ 		utfsmap[0x4C] = 0;
/* RIGHT */		utfsmap[0x4D] = 22;
/* [?^ */ 		utfsmap[0x4E] = 0;
/* [?^ */ 		utfsmap[0x4F] = 0;
/* DOWN */ 		utfsmap[0x50] = 21;
/* [?^ */ 		utfsmap[0x51] = 0;
/* INS */ 		utfsmap[0x52] = 11;
/* DEL */ 		utfsmap[0x53] = 12;
/* [?^ */ 		utfsmap[0x54] = 0;
/* [?^ */ 		utfsmap[0x55] = 0;
/* [?^ */ 		utfsmap[0x56] = 0;
/* F11 */ 		utfsmap[0x57] = 24;
/* F12 */ 		utfsmap[0x58] = 25;
/* [?^ */ 		utfsmap[0x59] = 0; 
/*		CAPS_LOCK is active	%%%%%%%%%%%%%%%%%%%%%%%%%%%%%%%%%%%%%*/
/* '1' */ 		utfcmap[0x2] = 49;
/* '2' */ 		utfcmap[0x3] = 50;
/* '3' */ 		utfcmap[0x4] = 51;
/* '4' */ 		utfcmap[0x5] = 52;
/* '5' */ 		utfcmap[0x6] = 53;
/* '6' */ 		utfcmap[0x7] = 54;
/* '7' */ 		utfcmap[0x8] = 55;
/* '8' */ 		utfcmap[0x9] = 56;
/* '9' */ 		utfcmap[0xA] = 57;
/* '0' */ 		utfcmap[0xB] = 48;
/* '-' */ 		utfcmap[0xC] = 45;
/* '=' */ 		utfcmap[0xD] = 61;
/* BKSP */ 		utfcmap[0xE] = 14;
/* TAB */ 		utfcmap[0xF] = 15;
/* 'q' */ 		utfcmap[0x10] = 81;
/* 'w' */ 		utfcmap[0x11] = 87;
/* 'e' */ 		utfcmap[0x12] = 69;
/* 'r' */ 		utfcmap[0x13] = 82;
/* 't' */ 		utfcmap[0x14] = 84;
/* 'y' */ 		utfcmap[0x15] = 89;
/* 'u' */ 		utfcmap[0x16] = 85;
/* 'i' */ 		utfcmap[0x17] = 73;
/* 'o' */ 		utfcmap[0x18] = 79;
/* 'p' */ 		utfcmap[0x19] = 80;
/* '[' */ 		utfcmap[0x1A] = 91;
/* ']' */ 		utfcmap[0x1B] = 93;
/* ENTER/CR/ */		utfcmap[0x1C] = 13;
/* CTRL_L */		utfcmap[0x1D] = 0;
/* 'a' */ 		utfcmap[0x1E] = 65;
/* 's' */ 		utfcmap[0x1F] = 83;
/* 'd' */ 		utfcmap[0x20] = 68;
/* 'f' */ 		utfcmap[0x21] = 70;
/* 'g' */ 		utfcmap[0x22] = 71;
/* 'h' */ 		utfcmap[0x23] = 72;
/* 'j' */ 		utfcmap[0x24] = 74;
/* 'k' */ 		utfcmap[0x25] = 75;
/* 'l' */ 		utfcmap[0x26] = 76;
/* ';' */ 		utfcmap[0x27] = 59;
/* ''' */ 		utfcmap[0x28] = 39;
/* [?^ */ 		utfcmap[0x29] = 96;
/* SHIFT_L */		utfcmap[0x2A] = 0;
/* '#' */ 		utfcmap[0x2B] = 35;
/* 'z' */ 		utfcmap[0x2C] = 90;
/* 'x' */ 		utfcmap[0x2D] = 88;
/* 'c' */ 		utfcmap[0x2E] = 67;
/* 'v' */ 		utfcmap[0x2F] = 86;
/* 'b' */ 		utfcmap[0x30] = 66;
/* 'n' */ 		utfcmap[0x31] = 78;
/* 'm' */ 		utfcmap[0x32] = 77;
/* ',' */ 		utfcmap[0x33] = 44;
/* '.' */ 		utfcmap[0x34] = 46;
/* '/' */ 		utfcmap[0x35] = 47;
/* CTRL_R */		utfcmap[0x36] = 0;
/* '*' */ 		utfcmap[0x37] = 42;
/* ALT_L */		utfcmap[0x38] = 0;
/* SPACE */		utfcmap[0x39] = 32;
/* SCRL */ 		utfcmap[0x3A] = 18;
/* F1 */ 		utfcmap[0x3B] = 1;
/* F2 */ 		utfcmap[0x3C] = 2;
/* F3 */ 		utfcmap[0x3D] = 3;
/* F4 */ 		utfcmap[0x3E] = 4;
/* F5 */ 		utfcmap[0x3F] = 5;
/* F6 */ 		utfcmap[0x40] = 6;
/* F7 */ 		utfcmap[0x41] = 7;
/* F8 */ 		utfcmap[0x42] = 8;
/* F9 */ 		utfcmap[0x43] = 9;
/* F10 */ 		utfcmap[0x44] = 10;
/* NUM */ 		utfcmap[0x45] = 16;
/* CAPS */ 		utfcmap[0x46] = 17;
/* [?^ */ 		utfcmap[0x47] = 0;
/* UP */ 		utfcmap[0x48] = 20;
/* [?^ */ 		utfcmap[0x49] = 0;
/* [?^ */ 		utfcmap[0x4A] = 0;
/* LEFT */ 		utfcmap[0x4B] = 23;
/* [?^ */ 		utfcmap[0x4C] = 0;
/* RIGHT */		utfcmap[0x4D] = 22;
/* [?^ */ 		utfcmap[0x4E] = 0;
/* [?^ */ 		utfcmap[0x4F] = 0;
/* DOWN */ 		utfcmap[0x50] = 21;
/* [?^ */ 		utfcmap[0x51] = 0;
/* INS */ 		utfcmap[0x52] = 11;
/* DEL */ 		utfcmap[0x53] = 12;
/* [?^ */ 		utfcmap[0x54] = 0;
/* [?^ */ 		utfcmap[0x55] = 0;
/* [?^ */ 		utfcmap[0x56] = 0;
/* F11 */ 		utfcmap[0x57] = 24;
/* F12 */ 		utfcmap[0x58] = 25;
/* [?^ */ 		utfcmap[0x59] = 0; 

